   1               		.file	"Events.c"
   2               	__SREG__ = 0x3f
   3               	__SP_H__ = 0x3e
   4               	__SP_L__ = 0x3d
   5               	__tmp_reg__ = 0
   6               	__zero_reg__ = 1
   7               		.global __do_copy_data
   8               		.global __do_clear_bss
  16               	.Ltext0:
  17               		.section	.text.__stub,"ax",@progbits
  19               	__stub:
  20               	.LFB9:
  21               	.LSM0:
  22               	/* prologue: frame size=0 */
  23               	/* prologue end (size=0) */
  24               	/* epilogue: frame size=0 */
  25 0000 0895      		ret
  26               	/* epilogue end (size=1) */
  27               	/* function __stub size 1 (0) */
  28               	.LFE9:
  30               		.weak	Event_USB_Connect
  31               		.set	Event_USB_Connect,__stub
  32               		.weak	Event_USB_Disconnect
  33               		.set	Event_USB_Disconnect,__stub
  34               		.weak	Event_USB_DeviceEnumerationComplete
  35               		.set	Event_USB_DeviceEnumerationComplete,__stub
  36               		.weak	Event_USB_UnhandledControlPacket
  37               		.set	Event_USB_UnhandledControlPacket,__stub
  38               		.weak	Event_USB_ConfigurationChanged
  39               		.set	Event_USB_ConfigurationChanged,__stub
  40               		.weak	Event_USB_Suspend
  41               		.set	Event_USB_Suspend,__stub
  42               		.weak	Event_USB_WakeUp
  43               		.set	Event_USB_WakeUp,__stub
  44               		.weak	Event_USB_Reset
  45               		.set	Event_USB_Reset,__stub
  46               		.weak	Event_USB_DeviceError
  47               		.set	Event_USB_DeviceError,__stub
  72               	.Letext0:
DEFINED SYMBOLS
                            *ABS*:00000000 Events.c
     /tmp/cc6U7BEL.s:2      *ABS*:0000003f __SREG__
     /tmp/cc6U7BEL.s:3      *ABS*:0000003e __SP_H__
     /tmp/cc6U7BEL.s:4      *ABS*:0000003d __SP_L__
     /tmp/cc6U7BEL.s:5      *ABS*:00000000 __tmp_reg__
     /tmp/cc6U7BEL.s:6      *ABS*:00000001 __zero_reg__
     /tmp/cc6U7BEL.s:19     .text.__stub:00000000 __stub
     /tmp/cc6U7BEL.s:19     .text.__stub:00000000 Event_USB_Connect
     /tmp/cc6U7BEL.s:19     .text.__stub:00000000 Event_USB_Disconnect
     /tmp/cc6U7BEL.s:19     .text.__stub:00000000 Event_USB_DeviceEnumerationComplete
     /tmp/cc6U7BEL.s:19     .text.__stub:00000000 Event_USB_UnhandledControlPacket
     /tmp/cc6U7BEL.s:19     .text.__stub:00000000 Event_USB_ConfigurationChanged
     /tmp/cc6U7BEL.s:19     .text.__stub:00000000 Event_USB_Suspend
     /tmp/cc6U7BEL.s:19     .text.__stub:00000000 Event_USB_WakeUp
     /tmp/cc6U7BEL.s:19     .text.__stub:00000000 Event_USB_Reset
     /tmp/cc6U7BEL.s:19     .text.__stub:00000000 Event_USB_DeviceError

UNDEFINED SYMBOLS
__do_copy_data
__do_clear_bss
