   1               		.file	"Descriptors.c"
   2               	__SREG__ = 0x3f
   3               	__SP_H__ = 0x3e
   4               	__SP_L__ = 0x3d
   5               	__tmp_reg__ = 0
   6               	__zero_reg__ = 1
   7               		.global __do_copy_data
   8               		.global __do_clear_bss
  16               	.Ltext0:
  17               		.section	.text.USB_GetDescriptor,"ax",@progbits
  18               		.weak	USB_GetDescriptor
  20               	USB_GetDescriptor:
  21               	.LFB35:
  22               	.LSM0:
  23               	/* prologue: frame size=0 */
  24 0000 0F93      		push r16
  25 0002 1F93      		push r17
  26 0004 CF93      		push r28
  27 0006 DF93      		push r29
  28               	/* prologue end (size=4) */
  29               	.LVL0:
  30 0008 D901      		movw r26,r18
  31 000a E801      		movw r28,r16
  32               	.LSM1:
  33 000c 8230      		cpi r24,lo8(2)
  34 000e 01F0      		breq .L4
  35               	.LVL1:
  36               	.LSM2:
  37 0010 8330      		cpi r24,lo8(3)
  38 0012 01F0      		breq .L5
  39 0014 8130      		cpi r24,lo8(1)
  40 0016 01F4      		brne .L2
  41 0018 82E1      		ldi r24,lo8(18)
  42 001a 90E0      		ldi r25,hi8(18)
  43               	.LVL2:
  44 001c E0E0      		ldi r30,lo8(DeviceDescriptor)
  45 001e F0E0      		ldi r31,hi8(DeviceDescriptor)
  46               	.LVL3:
  47 0020 00C0      		rjmp .L6
  48               	.LVL4:
  49               	.L5:
  50               	.LSM3:
  51 0022 6130      		cpi r22,lo8(1)
  52 0024 01F0      		breq .L8
  53 0026 6130      		cpi r22,lo8(1)
  54 0028 00F0      		brlo .L7
  55 002a 6230      		cpi r22,lo8(2)
  56 002c 01F0      		breq .L9
  57 002e 6330      		cpi r22,lo8(3)
  58 0030 01F4      		brne .L2
  59 0032 00C0      		rjmp .L10
  60               	.L7:
  61               	.LBB2:
  62               	.LSM4:
  63 0034 E0E0      		ldi r30,lo8(LanguageString)
  64 0036 F0E0      		ldi r31,hi8(LanguageString)
  65               	/* #APP */
  66 0038 8491      		lpm r24, Z
  67               		
  68               	.LVL5:
  69               	/* #NOAPP */
  70 003a 00C0      		rjmp .L13
  71               	.LVL6:
  72               	.L8:
  73               	.LBE2:
  74               	.LBB3:
  75               	.LSM5:
  76 003c E0E0      		ldi r30,lo8(ManafacturerString)
  77 003e F0E0      		ldi r31,hi8(ManafacturerString)
  78               	/* #APP */
  79 0040 8491      		lpm r24, Z
  80               		
  81               	.LVL7:
  82               	/* #NOAPP */
  83 0042 00C0      		rjmp .L13
  84               	.LVL8:
  85               	.L9:
  86               	.LBE3:
  87               	.LBB4:
  88               	.LSM6:
  89 0044 E0E0      		ldi r30,lo8(ProductString)
  90 0046 F0E0      		ldi r31,hi8(ProductString)
  91               	/* #APP */
  92 0048 8491      		lpm r24, Z
  93               		
  94               	.LVL9:
  95               	/* #NOAPP */
  96 004a 00C0      		rjmp .L13
  97               	.LVL10:
  98               	.L10:
  99               	.LBE4:
 100               	.LBB5:
 101               	.LSM7:
 102 004c E0E0      		ldi r30,lo8(SerialNumberString)
 103 004e F0E0      		ldi r31,hi8(SerialNumberString)
 104               	/* #APP */
 105 0050 8491      		lpm r24, Z
 106               		
 107               	.LVL11:
 108               	/* #NOAPP */
 109               	.L13:
 110               	.LBE5:
 111 0052 9927      		clr r25
 112               	.LVL12:
 113 0054 00C0      		rjmp .L6
 114               	.LVL13:
 115               	.L2:
 116 0056 80E0      		ldi r24,lo8(0)
 117 0058 90E0      		ldi r25,hi8(0)
 118               	.LVL14:
 119 005a 00C0      		rjmp .L11
 120               	.LVL15:
 121               	.L4:
 122 005c 83E4      		ldi r24,lo8(67)
 123 005e 90E0      		ldi r25,hi8(67)
 124               	.LVL16:
 125 0060 E0E0      		ldi r30,lo8(ConfigurationDescriptor)
 126 0062 F0E0      		ldi r31,hi8(ConfigurationDescriptor)
 127               	.LVL17:
 128               	.L6:
 129               	.LSM8:
 130 0064 ED93      		st X+,r30
 131 0066 FC93      		st X,r31
 132               	.LSM9:
 133 0068 9983      		std Y+1,r25
 134 006a 8883      		st Y,r24
 135 006c 81E0      		ldi r24,lo8(1)
 136 006e 90E0      		ldi r25,hi8(1)
 137               	.LVL18:
 138               	.L11:
 139               	/* epilogue: frame size=0 */
 140 0070 DF91      		pop r29
 141 0072 CF91      		pop r28
 142 0074 1F91      		pop r17
 143 0076 0F91      		pop r16
 144 0078 0895      		ret
 145               	/* epilogue end (size=5) */
 146               	/* function USB_GetDescriptor size 73 (64) */
 147               	.LFE35:
 149               	.global	DeviceDescriptor
 150               		.section	.progmem.data,"a",@progbits
 153               	DeviceDescriptor:
 154 0000 12        		.byte	18
 155 0001 01        		.byte	1
 156 0002 1001      		.word	272
 157 0004 02        		.byte	2
 158 0005 00        		.byte	0
 159 0006 00        		.byte	0
 160 0007 08        		.byte	8
 161 0008 EB03      		.word	1003
 162 000a 4B20      		.word	8267
 163 000c 0000      		.word	0
 164 000e 01        		.byte	1
 165 000f 02        		.byte	2
 166 0010 03        		.byte	3
 167 0011 01        		.byte	1
 168               	.global	ConfigurationDescriptor
 171               	ConfigurationDescriptor:
 172 0012 09        		.byte	9
 173 0013 02        		.byte	2
 174 0014 4300      		.word	67
 175 0016 02        		.byte	2
 176 0017 01        		.byte	1
 177 0018 00        		.byte	0
 178 0019 C0        		.byte	-64
 179 001a 32        		.byte	50
 180 001b 09        		.byte	9
 181 001c 04        		.byte	4
 182 001d 00        		.byte	0
 183 001e 00        		.byte	0
 184 001f 01        		.byte	1
 185 0020 02        		.byte	2
 186 0021 02        		.byte	2
 187 0022 01        		.byte	1
 188 0023 00        		.byte	0
 189 0024 05        		.byte	5
 190 0025 24        		.byte	36
 191 0026 00        		.byte	0
 192 0027 10        		.byte	16
 193 0028 01        		.byte	1
 194 0029 05        		.byte	5
 195 002a 24        		.byte	36
 196 002b 01        		.byte	1
 197 002c 03        		.byte	3
 198 002d 01        		.byte	1
 199 002e 04        		.byte	4
 200 002f 24        		.byte	36
 201 0030 02        		.byte	2
 202 0031 06        		.byte	6
 203 0032 05        		.byte	5
 204 0033 24        		.byte	36
 205 0034 06        		.byte	6
 206 0035 00        		.byte	0
 207 0036 01        		.byte	1
 208 0037 07        		.byte	7
 209 0038 05        		.byte	5
 210 0039 82        		.byte	-126
 211 003a 03        		.byte	3
 212 003b 0800      		.word	8
 213 003d 02        		.byte	2
 214 003e 09        		.byte	9
 215 003f 04        		.byte	4
 216 0040 01        		.byte	1
 217 0041 00        		.byte	0
 218 0042 02        		.byte	2
 219 0043 0A        		.byte	10
 220 0044 00        		.byte	0
 221 0045 00        		.byte	0
 222 0046 00        		.byte	0
 223 0047 07        		.byte	7
 224 0048 05        		.byte	5
 225 0049 04        		.byte	4
 226 004a 02        		.byte	2
 227 004b 1000      		.word	16
 228 004d 00        		.byte	0
 229 004e 07        		.byte	7
 230 004f 05        		.byte	5
 231 0050 83        		.byte	-125
 232 0051 02        		.byte	2
 233 0052 1000      		.word	16
 234 0054 00        		.byte	0
 235               	.global	LanguageString
 238               	LanguageString:
 239 0055 04        		.byte	4
 240 0056 03        		.byte	3
 241 0057 0904      		.word	1033
 242               	.global	ManafacturerString
 245               	ManafacturerString:
 246 0059 18        		.byte	24
 247 005a 03        		.byte	3
 248 005b 4A00      		.string	"J"
 249 005d 6F00      		.string	"o"
 250 005f 7200      		.string	"r"
 251 0061 6700      		.string	"g"
 252 0063 6500      		.string	"e"
 253 0065 2000      		.string	" "
 254 0067 5000      		.string	"P"
 255 0069 6900      		.string	"i"
 256 006b 6E00      		.string	"n"
 257 006d 7400      		.string	"t"
 258 006f 6F00      		.string	"o"
 259 0071 2000      		.string	" "
 260 0073 6100      		.string	"a"
 261 0075 6B00      		.string	"k"
 262 0077 6100      		.string	"a"
 263 0079 2000      		.string	" "
 264 007b 4300      		.string	"C"
 265 007d 6100      		.string	"a"
 266 007f 7300      		.string	"s"
 267 0081 6100      		.string	"a"
 268 0083 6900      		.string	"i"
 269 0085 6E00      		.string	"n"
 270 0087 6800      		.string	"h"
 271 0089 6F00      		.string	"o"
 272 008b 00        		.string	""
 273 008c 00        		.string	""
 274               	.global	ProductString
 277               	ProductString:
 278 008d 2A        		.byte	42
 279 008e 03        		.byte	3
 280 008f 4200      		.string	"B"
 281 0091 6900      		.string	"i"
 282 0093 6300      		.string	"c"
 283 0095 7900      		.string	"y"
 284 0097 6300      		.string	"c"
 285 0099 6C00      		.string	"l"
 286 009b 6500      		.string	"e"
 287 009d 2000      		.string	" "
 288 009f 4C00      		.string	"L"
 289 00a1 4500      		.string	"E"
 290 00a3 4400      		.string	"D"
 291 00a5 2000      		.string	" "
 292 00a7 5000      		.string	"P"
 293 00a9 4F00      		.string	"O"
 294 00ab 5600      		.string	"V"
 295 00ad 00        		.string	""
 296 00ae 00        		.string	""
 297               	.global	SerialNumberString
 300               	SerialNumberString:
 301 00af 1A        		.byte	26
 302 00b0 03        		.byte	3
 303 00b1 3000      		.string	"0"
 304 00b3 3000      		.string	"0"
 305 00b5 3000      		.string	"0"
 306 00b7 3000      		.string	"0"
 307 00b9 3000      		.string	"0"
 308 00bb 3000      		.string	"0"
 309 00bd 3000      		.string	"0"
 310 00bf 3000      		.string	"0"
 311 00c1 3000      		.string	"0"
 312 00c3 3000      		.string	"0"
 313 00c5 3000      		.string	"0"
 314 00c7 3000      		.string	"0"
 315 00c9 00        		.string	""
 316 00ca 00        		.string	""
 341               	.Letext0:
DEFINED SYMBOLS
                            *ABS*:00000000 Descriptors.c
     /tmp/ccmSTNHV.s:2      *ABS*:0000003f __SREG__
     /tmp/ccmSTNHV.s:3      *ABS*:0000003e __SP_H__
     /tmp/ccmSTNHV.s:4      *ABS*:0000003d __SP_L__
     /tmp/ccmSTNHV.s:5      *ABS*:00000000 __tmp_reg__
     /tmp/ccmSTNHV.s:6      *ABS*:00000001 __zero_reg__
     /tmp/ccmSTNHV.s:20     .text.USB_GetDescriptor:00000000 USB_GetDescriptor
     /tmp/ccmSTNHV.s:153    .progmem.data:00000000 DeviceDescriptor
     /tmp/ccmSTNHV.s:238    .progmem.data:00000055 LanguageString
     /tmp/ccmSTNHV.s:245    .progmem.data:00000059 ManafacturerString
     /tmp/ccmSTNHV.s:277    .progmem.data:0000008d ProductString
     /tmp/ccmSTNHV.s:300    .progmem.data:000000af SerialNumberString
     /tmp/ccmSTNHV.s:171    .progmem.data:00000012 ConfigurationDescriptor

UNDEFINED SYMBOLS
__do_copy_data
__do_clear_bss
