EESchema (2007-11-29-a)  >> Creation date: 3/7/2008-15:58:54

#Cmp ( order = Reference )
| C1         100nF       
| C10        1uF         
| C2         20pF        
| C3         100nF       
| C4         NA          
| C5         1uF         
| C6         20pF        
| C7         1uF         
| C8         47uF        
| C9         47uF        
| D1         DIODESCH    
| D10        LED         
| D11        LED         
| D12        LED         
| D13        LED         
| D14        LED         
| D15        LED         
| D16        LED         
| D17        LED         
| D18        LED         
| D19        LED         
| D2         LED         
| D20        LED         
| D21        LED         
| D22        LED         
| D23        LED         
| D24        LED         
| D25        LED         
| D26        LED         
| D27        LED         
| D28        LED         
| D29        LED         
| D3         LED         
| D30        LED         
| D31        LED         
| D32        LED         
| D33        LED         
| D34        LED         
| D35        LED         
| D36        LED         
| D37        LED         
| D38        LED         
| D39        LED         
| D4         LED         
| D40        LED         
| D41        LED         
| D42        LED         
| D43        LED         
| D44        LED         
| D45        LED         
| D46        LED         
| D47        LED         
| D48        LED         
| D49        LED         
| D5         LED         
| D50        LED         
| D51        LED         
| D52        LED         
| D53        LED         
| D54        LED         
| D55        LED         
| D56        LED         
| D57        LED         
| D58        LED         
| D59        LED         
| D6         LED         
| D60        LED         
| D61        LED         
| D62        LED         
| D63        LED         
| D64        LED         
| D65        LED         
| D66        LED         
| D67        LED         
| D68        LED         
| D69        LED         
| D7         LED         
| D70        LED         
| D8         LED         
| D9         LED         
| L1         10uH        
| R1         10K         
| R10        47R         
| R11        1K3         
| R12        1K          
| R13        47R         
| R14        47R         
| R15        47R         
| R16        1K3         
| R17        1K          
| R18        47R         
| R19        47R         
| R2         47K         
| R20        47R         
| R21        47R         
| R22        1K3         
| R23        1K          
| R24        47R         
| R25        47R         
| R26        47R         
| R27        47R         
| R28        47R         
| R29        47R         
| R3         47K         
| R30        47R         
| R31        47R         
| R32        47R         
| R33        47R         
| R34        47R         
| R35        47R         
| R36        47R         
| R37        47R         
| R38        47R         
| R39        47R         
| R4         22R         
| R40        47R         
| R41        47R         
| R42        47R         
| R43        47R         
| R44        47R         
| R45        47R         
| R46        47R         
| R47        47R         
| R48        47R         
| R49        47R         
| R5         22R         
| R50        47R         
| R51        47R         
| R52        47R         
| R53        47R         
| R54        47R         
| R55        1K3         
| R56        1K          
| R57        47R         
| R58        47R         
| R59        47R         
| R6         330R        
| R60        47R         
| R61        47R         
| R62        47R         
| R63        47R         
| R64        47R         
| R65        47R         
| R66        47R         
| R67        47R         
| R68        47R         
| R69        47R         
| R7         33K         
| R70        47R         
| R71        47R         
| R72        47R         
| R73        47R         
| R74        47R         
| R75        47R         
| R76        47R         
| R77        47R         
| R78        47R         
| R79        47R         
| R8         R           
| R80        47R         
| R81        47R         
| R9         330         
| SW1        SW_PUSH     
| SW2        SW_PUSH     
| U1         A3213ELHLT  
| U10        74LS595     
| U11        74LS595     
| U12        74LS595     
| U2         AT90USB162  
| U3         AT25128A    
| U4         MAX756      
| U5         74LS595     
| U6         74LS595     
| U7         74LS595     
| U8         74LS595     
| U9         74LS595     
| X1         USB-MB-H    
| X2         8MHz        
#End Cmp

#Cmp ( order = Value )
| 100nF        C1        
| 100nF        C3        
| 10K          R1        
| 10uH         L1        
| 1K           R12       
| 1K           R17       
| 1K           R23       
| 1K           R56       
| 1K3          R11       
| 1K3          R16       
| 1K3          R22       
| 1K3          R55       
| 1uF          C10       
| 1uF          C5        
| 1uF          C7        
| 20pF         C2        
| 20pF         C6        
| 22R          R4        
| 22R          R5        
| 330          R9        
| 330R         R6        
| 33K          R7        
| 47K          R2        
| 47K          R3        
| 47R          R10       
| 47R          R13       
| 47R          R14       
| 47R          R15       
| 47R          R18       
| 47R          R19       
| 47R          R20       
| 47R          R21       
| 47R          R24       
| 47R          R25       
| 47R          R26       
| 47R          R27       
| 47R          R28       
| 47R          R29       
| 47R          R30       
| 47R          R31       
| 47R          R32       
| 47R          R33       
| 47R          R34       
| 47R          R35       
| 47R          R36       
| 47R          R37       
| 47R          R38       
| 47R          R39       
| 47R          R40       
| 47R          R41       
| 47R          R42       
| 47R          R43       
| 47R          R44       
| 47R          R45       
| 47R          R46       
| 47R          R47       
| 47R          R48       
| 47R          R49       
| 47R          R50       
| 47R          R51       
| 47R          R52       
| 47R          R53       
| 47R          R54       
| 47R          R57       
| 47R          R58       
| 47R          R59       
| 47R          R60       
| 47R          R61       
| 47R          R62       
| 47R          R63       
| 47R          R64       
| 47R          R65       
| 47R          R66       
| 47R          R67       
| 47R          R68       
| 47R          R69       
| 47R          R70       
| 47R          R71       
| 47R          R72       
| 47R          R73       
| 47R          R74       
| 47R          R75       
| 47R          R76       
| 47R          R77       
| 47R          R78       
| 47R          R79       
| 47R          R80       
| 47R          R81       
| 47uF         C8        
| 47uF         C9        
| 74LS595      U10       
| 74LS595      U11       
| 74LS595      U12       
| 74LS595      U5        
| 74LS595      U6        
| 74LS595      U7        
| 74LS595      U8        
| 74LS595      U9        
| 8MHz         X2        
| A3213ELHLT   U1        
| AT25128A     U3        
| AT90USB162   U2        
| DIODESCH     D1        
| LED          D10       
| LED          D11       
| LED          D12       
| LED          D13       
| LED          D14       
| LED          D15       
| LED          D16       
| LED          D17       
| LED          D18       
| LED          D19       
| LED          D2        
| LED          D20       
| LED          D21       
| LED          D22       
| LED          D23       
| LED          D24       
| LED          D25       
| LED          D26       
| LED          D27       
| LED          D28       
| LED          D29       
| LED          D3        
| LED          D30       
| LED          D31       
| LED          D32       
| LED          D33       
| LED          D34       
| LED          D35       
| LED          D36       
| LED          D37       
| LED          D38       
| LED          D39       
| LED          D4        
| LED          D40       
| LED          D41       
| LED          D42       
| LED          D43       
| LED          D44       
| LED          D45       
| LED          D46       
| LED          D47       
| LED          D48       
| LED          D49       
| LED          D5        
| LED          D50       
| LED          D51       
| LED          D52       
| LED          D53       
| LED          D54       
| LED          D55       
| LED          D56       
| LED          D57       
| LED          D58       
| LED          D59       
| LED          D6        
| LED          D60       
| LED          D61       
| LED          D62       
| LED          D63       
| LED          D64       
| LED          D65       
| LED          D66       
| LED          D67       
| LED          D68       
| LED          D69       
| LED          D7        
| LED          D70       
| LED          D8        
| LED          D9        
| MAX756       U4        
| NA           C4        
| R            R8        
| SW_PUSH      SW1       
| SW_PUSH      SW2       
| USB-MB-H     X1        
#End Cmp

#End List
