Archive member included because of file (symbol)

/usr/lib/gcc/avr/4.2.2/avr5/libgcc.a(_udivmodhi4.o)
                              MyUSB/Drivers/USB/LowLevel/Endpoint.o (__udivmodhi4)
/usr/lib/gcc/avr/4.2.2/avr5/libgcc.a(_exit.o)
                              /usr/lib/gcc/avr/4.2.2/../../../../avr/lib/avr5/crtusb162.o (exit)
/usr/lib/gcc/avr/4.2.2/avr5/libgcc.a(_copy_data.o)
                              BicycleLEDPOV.o (__do_copy_data)
/usr/lib/gcc/avr/4.2.2/avr5/libgcc.a(_clear_bss.o)
                              BicycleLEDPOV.o (__do_clear_bss)

Allocating common symbols
Common symbol       size              file

USB_IsInitialized   0x1               MyUSB/Drivers/USB/HighLevel/USBTask.o
txbuff              0x1               BicycleLEDPOV.o
txbuffele           0x1               BicycleLEDPOV.o
rxbuffele           0x1               BicycleLEDPOV.o
Tx_Buffer           0x15              BicycleLEDPOV.o
USB_IsConnected     0x1               MyUSB/Drivers/USB/HighLevel/USBTask.o
Scheduler_TotalTasks
                    0x1               MyUSB/Scheduler/Scheduler.o
Rx_Buffer           0x15              BicycleLEDPOV.o
USB_ConfigurationNumber
                    0x1               MyUSB/Drivers/USB/LowLevel/DevChapter9.o
rxbuff              0x1               BicycleLEDPOV.o
Scheduler_TickCounter
                    0x2               MyUSB/Scheduler/Scheduler.o

Discarded input sections

 .data          0x00000000        0x0 /usr/lib/gcc/avr/4.2.2/../../../../avr/lib/avr5/crtusb162.o
 .bss           0x00000000        0x0 /usr/lib/gcc/avr/4.2.2/../../../../avr/lib/avr5/crtusb162.o
 .text          0x00000000        0x0 BicycleLEDPOV.o
 .text.Hardware_Init
                0x00000000        0x0 BicycleLEDPOV.o
 .text.ClockDataLatches
                0x00000000        0x0 BicycleLEDPOV.o
 .text          0x00000000        0x0 Descriptors.o
 .data          0x00000000        0x0 Descriptors.o
 .bss           0x00000000        0x0 Descriptors.o
 .text          0x00000000        0x0 RingBuff.o
 .data          0x00000000        0x0 RingBuff.o
 .bss           0x00000000        0x0 RingBuff.o
 .text          0x00000000        0x0 MyUSB/Scheduler/Scheduler.o
 .data          0x00000000        0x0 MyUSB/Scheduler/Scheduler.o
 .bss           0x00000000        0x0 MyUSB/Scheduler/Scheduler.o
 .text.Scheduler_HasDelayElapsed
                0x00000000        0x0 MyUSB/Scheduler/Scheduler.o
 .text.Scheduler_SetGroupTaskMode
                0x00000000        0x0 MyUSB/Scheduler/Scheduler.o
 .text          0x00000000        0x0 MyUSB/Drivers/USB/LowLevel/LowLevel.o
 .data          0x00000000        0x0 MyUSB/Drivers/USB/LowLevel/LowLevel.o
 .bss           0x00000000        0x0 MyUSB/Drivers/USB/LowLevel/LowLevel.o
 .text          0x00000000        0x0 MyUSB/Drivers/USB/LowLevel/Endpoint.o
 .bss           0x00000000        0x0 MyUSB/Drivers/USB/LowLevel/Endpoint.o
 .text.Endpoint_ClearEndpoints
                0x00000000        0x0 MyUSB/Drivers/USB/LowLevel/Endpoint.o
 .text.Endpoint_Write_Stream_BE
                0x00000000        0x0 MyUSB/Drivers/USB/LowLevel/Endpoint.o
 .text.Endpoint_Read_Stream_LE
                0x00000000        0x0 MyUSB/Drivers/USB/LowLevel/Endpoint.o
 .text.Endpoint_Write_Stream_LE
                0x00000000        0x0 MyUSB/Drivers/USB/LowLevel/Endpoint.o
 .text.Endpoint_Write_Control_Stream_BE
                0x00000000        0x0 MyUSB/Drivers/USB/LowLevel/Endpoint.o
 .text.Endpoint_Write_Control_Stream_LE
                0x00000000        0x0 MyUSB/Drivers/USB/LowLevel/Endpoint.o
 .text.Endpoint_Read_Control_Stream_LE
                0x00000000        0x0 MyUSB/Drivers/USB/LowLevel/Endpoint.o
 .text.Endpoint_Read_Stream_BE
                0x00000000        0x0 MyUSB/Drivers/USB/LowLevel/Endpoint.o
 .text.Endpoint_Read_Control_Stream_BE
                0x00000000        0x0 MyUSB/Drivers/USB/LowLevel/Endpoint.o
 .text          0x00000000        0x0 MyUSB/Drivers/USB/LowLevel/DevChapter9.o
 .data          0x00000000        0x0 MyUSB/Drivers/USB/LowLevel/DevChapter9.o
 .bss           0x00000000        0x0 MyUSB/Drivers/USB/LowLevel/DevChapter9.o
 .text          0x00000000        0x0 MyUSB/Drivers/USB/HighLevel/USBTask.o
 .data          0x00000000        0x0 MyUSB/Drivers/USB/HighLevel/USBTask.o
 .bss           0x00000000        0x0 MyUSB/Drivers/USB/HighLevel/USBTask.o
 .text          0x00000000        0x0 MyUSB/Drivers/USB/HighLevel/USBInterrupt.o
 .data          0x00000000        0x0 MyUSB/Drivers/USB/HighLevel/USBInterrupt.o
 .bss           0x00000000        0x0 MyUSB/Drivers/USB/HighLevel/USBInterrupt.o
 .text          0x00000000        0x0 MyUSB/Drivers/USB/HighLevel/Events.o
 .data          0x00000000        0x0 MyUSB/Drivers/USB/HighLevel/Events.o
 .bss           0x00000000        0x0 MyUSB/Drivers/USB/HighLevel/Events.o
 .text          0x00000000        0x0 MyUSB/Drivers/USB/HighLevel/StdDescriptors.o
 .data          0x00000000        0x0 MyUSB/Drivers/USB/HighLevel/StdDescriptors.o
 .bss           0x00000000        0x0 MyUSB/Drivers/USB/HighLevel/StdDescriptors.o
 .text.USB_GetDescriptor
                0x00000000        0x0 MyUSB/Drivers/USB/HighLevel/StdDescriptors.o
 .text          0x00000000        0x0 Drivers/AT90USB162/SPI.o
 .data          0x00000000        0x0 Drivers/AT90USB162/SPI.o
 .bss           0x00000000        0x0 Drivers/AT90USB162/SPI.o
 .text.SPI_MasterReceive
                0x00000000        0x0 Drivers/AT90USB162/SPI.o
 .text          0x00000000        0x0 /usr/lib/gcc/avr/4.2.2/avr5/libgcc.a(_udivmodhi4.o)
 .data          0x00000000        0x0 /usr/lib/gcc/avr/4.2.2/avr5/libgcc.a(_udivmodhi4.o)
 .bss           0x00000000        0x0 /usr/lib/gcc/avr/4.2.2/avr5/libgcc.a(_udivmodhi4.o)
 .text          0x00000000        0x0 /usr/lib/gcc/avr/4.2.2/avr5/libgcc.a(_exit.o)
 .data          0x00000000        0x0 /usr/lib/gcc/avr/4.2.2/avr5/libgcc.a(_exit.o)
 .bss           0x00000000        0x0 /usr/lib/gcc/avr/4.2.2/avr5/libgcc.a(_exit.o)
 .text.libgcc   0x00000000        0x0 /usr/lib/gcc/avr/4.2.2/avr5/libgcc.a(_exit.o)
 .text          0x00000000        0x0 /usr/lib/gcc/avr/4.2.2/avr5/libgcc.a(_copy_data.o)
 .data          0x00000000        0x0 /usr/lib/gcc/avr/4.2.2/avr5/libgcc.a(_copy_data.o)
 .bss           0x00000000        0x0 /usr/lib/gcc/avr/4.2.2/avr5/libgcc.a(_copy_data.o)
 .text.libgcc   0x00000000        0x0 /usr/lib/gcc/avr/4.2.2/avr5/libgcc.a(_copy_data.o)
 .text          0x00000000        0x0 /usr/lib/gcc/avr/4.2.2/avr5/libgcc.a(_clear_bss.o)
 .data          0x00000000        0x0 /usr/lib/gcc/avr/4.2.2/avr5/libgcc.a(_clear_bss.o)
 .bss           0x00000000        0x0 /usr/lib/gcc/avr/4.2.2/avr5/libgcc.a(_clear_bss.o)
 .text.libgcc   0x00000000        0x0 /usr/lib/gcc/avr/4.2.2/avr5/libgcc.a(_clear_bss.o)

Memory Configuration

Name             Origin             Length             Attributes
text             0x00000000         0x00020000         xr
data             0x00800060         0x0000ffa0         rw !x
eeprom           0x00810000         0x00010000         rw !x
fuse             0x00820000         0x00000400         rw !x
lock             0x00830000         0x00000400         rw !x
signature        0x00840000         0x00000400         rw !x
*default*        0x00000000         0xffffffff

Linker script and memory map

Address of section .data set to 0x800100
LOAD /usr/lib/gcc/avr/4.2.2/../../../../avr/lib/avr5/crtusb162.o
LOAD BicycleLEDPOV.o
LOAD Descriptors.o
LOAD RingBuff.o
LOAD MyUSB/Scheduler/Scheduler.o
LOAD MyUSB/Drivers/USB/LowLevel/LowLevel.o
LOAD MyUSB/Drivers/USB/LowLevel/Endpoint.o
LOAD MyUSB/Drivers/USB/LowLevel/DevChapter9.o
LOAD MyUSB/Drivers/USB/HighLevel/USBTask.o
LOAD MyUSB/Drivers/USB/HighLevel/USBInterrupt.o
LOAD MyUSB/Drivers/USB/HighLevel/Events.o
LOAD MyUSB/Drivers/USB/HighLevel/StdDescriptors.o
LOAD Drivers/AT90USB162/SPI.o
LOAD /usr/lib/gcc/avr/4.2.2/../../../../avr/lib/avr5/libm.a
LOAD /usr/lib/gcc/avr/4.2.2/avr5/libgcc.a
LOAD /usr/lib/gcc/avr/4.2.2/../../../../avr/lib/avr5/libc.a
LOAD /usr/lib/gcc/avr/4.2.2/avr5/libgcc.a

.hash
 *(.hash)

.dynsym
 *(.dynsym)

.dynstr
 *(.dynstr)

.gnu.version
 *(.gnu.version)

.gnu.version_d
 *(.gnu.version_d)

.gnu.version_r
 *(.gnu.version_r)

.rel.init
 *(.rel.init)

.rela.init
 *(.rela.init)

.rel.text
 *(.rel.text)
 *(.rel.text.*)
 *(.rel.gnu.linkonce.t*)

.rela.text
 *(.rela.text)
 *(.rela.text.*)
 *(.rela.gnu.linkonce.t*)

.rel.fini
 *(.rel.fini)

.rela.fini
 *(.rela.fini)

.rel.rodata
 *(.rel.rodata)
 *(.rel.rodata.*)
 *(.rel.gnu.linkonce.r*)

.rela.rodata
 *(.rela.rodata)
 *(.rela.rodata.*)
 *(.rela.gnu.linkonce.r*)

.rel.data
 *(.rel.data)
 *(.rel.data.*)
 *(.rel.gnu.linkonce.d*)

.rela.data
 *(.rela.data)
 *(.rela.data.*)
 *(.rela.gnu.linkonce.d*)

.rel.ctors
 *(.rel.ctors)

.rela.ctors
 *(.rela.ctors)

.rel.dtors
 *(.rel.dtors)

.rela.dtors
 *(.rela.dtors)

.rel.got
 *(.rel.got)

.rela.got
 *(.rela.got)

.rel.bss
 *(.rel.bss)

.rela.bss
 *(.rela.bss)

.rel.plt
 *(.rel.plt)

.rela.plt
 *(.rela.plt)

.text           0x00000000      0xdae
 *(.vectors)
 .vectors       0x00000000       0x74 /usr/lib/gcc/avr/4.2.2/../../../../avr/lib/avr5/crtusb162.o
                0x00000000                __vectors
                0x00000000                __vector_default
 *(.vectors)
 *(.progmem.gcc*)
 *(.progmem*)
 .progmem.data  0x00000074       0xcb Descriptors.o
                0x00000123                SerialNumberString
                0x000000c9                LanguageString
                0x000000cd                ManafacturerString
                0x00000074                DeviceDescriptor
                0x00000101                ProductString
                0x00000086                ConfigurationDescriptor
                0x00000140                . = ALIGN (0x2)
 *fill*         0x0000013f        0x1 00
                0x00000140                __trampolines_start = .
 *(.trampolines)
 .trampolines   0x00000140        0x0 linker stubs
 *(.trampolines*)
                0x00000140                __trampolines_end = .
 *(.jumptables)
 *(.jumptables*)
 *(.lowtext)
 *(.lowtext*)
                0x00000140                __ctors_start = .
 *(.ctors)
                0x00000140                __ctors_end = .
                0x00000140                __dtors_start = .
 *(.dtors)
                0x00000140                __dtors_end = .
 SORT(*)(.ctors)
 SORT(*)(.dtors)
 *(.init0)
 .init0         0x00000140        0x0 /usr/lib/gcc/avr/4.2.2/../../../../avr/lib/avr5/crtusb162.o
                0x00000140                __init
 *(.init0)
 *(.init1)
 *(.init1)
 *(.init2)
 .init2         0x00000140        0xc /usr/lib/gcc/avr/4.2.2/../../../../avr/lib/avr5/crtusb162.o
 *(.init2)
 *(.init3)
 *(.init3)
 *(.init4)
 .init4         0x0000014c       0x16 /usr/lib/gcc/avr/4.2.2/avr5/libgcc.a(_copy_data.o)
                0x0000014c                __do_copy_data
 .init4         0x00000162       0x10 /usr/lib/gcc/avr/4.2.2/avr5/libgcc.a(_clear_bss.o)
                0x00000162                __do_clear_bss
 *(.init4)
 *(.init5)
 *(.init5)
 *(.init6)
 *(.init6)
 *(.init7)
 *(.init7)
 *(.init8)
 *(.init8)
 *(.init9)
 .init9         0x00000172        0x4 /usr/lib/gcc/avr/4.2.2/../../../../avr/lib/avr5/crtusb162.o
 *(.init9)
 *(.text)
 .text          0x00000176        0x2 /usr/lib/gcc/avr/4.2.2/../../../../avr/lib/avr5/crtusb162.o
                0x00000176                __vector_22
                0x00000176                __vector_28
                0x00000176                __vector_1
                0x00000176                __vector_24
                0x00000176                __vector_12
                0x00000176                __bad_interrupt
                0x00000176                __vector_6
                0x00000176                __vector_3
                0x00000176                __vector_23
                0x00000176                __vector_25
                0x00000176                __vector_13
                0x00000176                __vector_17
                0x00000176                __vector_7
                0x00000176                __vector_27
                0x00000176                __vector_5
                0x00000176                __vector_4
                0x00000176                __vector_9
                0x00000176                __vector_2
                0x00000176                __vector_21
                0x00000176                __vector_15
                0x00000176                __vector_8
                0x00000176                __vector_26
                0x00000176                __vector_14
                0x00000176                __vector_10
                0x00000176                __vector_16
                0x00000176                __vector_18
                0x00000176                __vector_20
                0x00000178                . = ALIGN (0x2)
 *(.text.*)
 .text.__vector_19
                0x00000178       0x2e BicycleLEDPOV.o
                0x00000178                __vector_19
 .text.MakePOV_Task
                0x000001a6        0x4 BicycleLEDPOV.o
                0x000001a6                MakePOV_Task
 .text.TestSensorHallEffect_Task
                0x000001aa        0xc BicycleLEDPOV.o
                0x000001aa                TestSensorHallEffect_Task
 .text.CDC_Task
                0x000001b6       0xa8 BicycleLEDPOV.o
                0x000001b6                CDC_Task
 .text.Event_USB_Disconnect
                0x0000025e       0x28 BicycleLEDPOV.o
                0x0000025e                Event_USB_Disconnect
 .text.Event_USB_Connect
                0x00000286       0x10 BicycleLEDPOV.o
                0x00000286                Event_USB_Connect
 .text.Event_USB_ConfigurationChanged
                0x00000296       0x38 BicycleLEDPOV.o
                0x00000296                Event_USB_ConfigurationChanged
 .text.Event_USB_UnhandledControlPacket
                0x000002ce       0xc8 BicycleLEDPOV.o
                0x000002ce                Event_USB_UnhandledControlPacket
 .text.main     0x00000396       0x7e BicycleLEDPOV.o
                0x00000396                main
 .text.PCLink_Task
                0x00000414      0x19e BicycleLEDPOV.o
                0x00000414                PCLink_Task
 .text.USB_GetDescriptor
                0x000005b2       0x7a Descriptors.o
                0x000005b2                USB_GetDescriptor
 .text.Buffer_Initialize
                0x0000062c       0x14 RingBuff.o
                0x0000062c                Buffer_Initialize
 .text.Buffer_GetElement
                0x00000640       0x5c RingBuff.o
                0x00000640                Buffer_GetElement
 .text.Buffer_StoreElement
                0x0000069c       0x64 RingBuff.o
                0x0000069c                Buffer_StoreElement
 .text.Scheduler_SetTaskMode
                0x00000700       0x32 MyUSB/Scheduler/Scheduler.o
                0x00000700                Scheduler_SetTaskMode
 .text.USB_SetupInterface
                0x00000732       0xc0 MyUSB/Drivers/USB/LowLevel/LowLevel.o
                0x00000732                USB_SetupInterface
 .text.USB_ShutDown
                0x000007f2       0x2c MyUSB/Drivers/USB/LowLevel/LowLevel.o
                0x000007f2                USB_ShutDown
 .text.USB_Init
                0x0000081e       0x22 MyUSB/Drivers/USB/LowLevel/LowLevel.o
                0x0000081e                USB_Init
 .text.Endpoint_ConfigureEndpoint_P
                0x00000840       0x4c MyUSB/Drivers/USB/LowLevel/Endpoint.o
                0x00000840                Endpoint_ConfigureEndpoint_P
 .text.USB_Device_ProcessControlPacket
                0x0000088c      0x370 MyUSB/Drivers/USB/LowLevel/DevChapter9.o
                0x0000088c                USB_Device_ProcessControlPacket
 .text.USB_USBTask
                0x00000bfc       0x26 MyUSB/Drivers/USB/HighLevel/USBTask.o
                0x00000bfc                USB_USBTask
 .text.__vector_11
                0x00000c22      0x122 MyUSB/Drivers/USB/HighLevel/USBInterrupt.o
                0x00000c22                __vector_11
 .text.__stub   0x00000d44        0x2 MyUSB/Drivers/USB/HighLevel/Events.o
                0x00000d44                Event_USB_DeviceError
                0x00000d44                Event_USB_Suspend
                0x00000d44                Event_USB_Reset
                0x00000d44                Event_USB_DeviceEnumerationComplete
                0x00000d44                Event_USB_WakeUp
 .text.SPI_MasterInit
                0x00000d46       0x22 Drivers/AT90USB162/SPI.o
                0x00000d46                SPI_MasterInit
 .text.SPI_Disable
                0x00000d68       0x12 Drivers/AT90USB162/SPI.o
                0x00000d68                SPI_Disable
 .text.SPI_MasterTransmit
                0x00000d7a        0xa Drivers/AT90USB162/SPI.o
                0x00000d7a                SPI_MasterTransmit
 .text.libgcc   0x00000d84       0x28 /usr/lib/gcc/avr/4.2.2/avr5/libgcc.a(_udivmodhi4.o)
                0x00000d84                __udivmodhi4
                0x00000dac                . = ALIGN (0x2)
 *(.fini9)
 .fini9         0x00000dac        0x0 /usr/lib/gcc/avr/4.2.2/avr5/libgcc.a(_exit.o)
                0x00000dac                exit
                0x00000dac                _exit
 *(.fini9)
 *(.fini8)
 *(.fini8)
 *(.fini7)
 *(.fini7)
 *(.fini6)
 *(.fini6)
 *(.fini5)
 *(.fini5)
 *(.fini4)
 *(.fini4)
 *(.fini3)
 *(.fini3)
 *(.fini2)
 *(.fini2)
 *(.fini1)
 *(.fini1)
 *(.fini0)
 .fini0         0x00000dac        0x2 /usr/lib/gcc/avr/4.2.2/avr5/libgcc.a(_exit.o)
 *(.fini0)
                0x00000dae                _etext = .

.data           0x00800100       0x1c load address 0x00000dae
                0x00800100                PROVIDE (__data_start, .)
 *(.data)
 .data          0x00800100       0x1b BicycleLEDPOV.o
                0x00800114                LineCoding
                0x00800100                Scheduler_TaskList
 .data          0x0080011b        0x1 MyUSB/Drivers/USB/LowLevel/Endpoint.o
                0x0080011b                USB_ControlEndpointSize
 *(.data*)
 *(.rodata)
 *(.rodata*)
 *(.gnu.linkonce.d*)
                0x0080011c                . = ALIGN (0x2)
                0x0080011c                _edata = .
                0x0080011c                PROVIDE (__data_end, .)

.bss            0x0080011c       0x36 load address 0x00000dca
                0x0080011c                PROVIDE (__bss_start, .)
 *(.bss)
 .bss           0x0080011c        0x2 BicycleLEDPOV.o
 *(.bss*)
 *(COMMON)
 COMMON         0x0080011e       0x2e BicycleLEDPOV.o
                0x0080011e                txbuff
                0x0080011f                txbuffele
                0x00800120                rxbuffele
                0x00800121                Tx_Buffer
                0x00800136                Rx_Buffer
                0x0080014b                rxbuff
 COMMON         0x0080014c        0x3 MyUSB/Scheduler/Scheduler.o
                0x0080014c                Scheduler_TotalTasks
                0x0080014d                Scheduler_TickCounter
 COMMON         0x0080014f        0x1 MyUSB/Drivers/USB/LowLevel/DevChapter9.o
                0x0080014f                USB_ConfigurationNumber
 COMMON         0x00800150        0x2 MyUSB/Drivers/USB/HighLevel/USBTask.o
                0x00800150                USB_IsInitialized
                0x00800151                USB_IsConnected
                0x00800152                PROVIDE (__bss_end, .)
                0x00000dae                __data_load_start = LOADADDR (.data)
                0x00000dca                __data_load_end = (__data_load_start + SIZEOF (.data))

.noinit         0x00800152        0x0
                0x00800152                PROVIDE (__noinit_start, .)
 *(.noinit*)
                0x00800152                PROVIDE (__noinit_end, .)
                0x00800152                _end = .
                0x00800152                PROVIDE (__heap_start, .)

.eeprom         0x00810000        0x0
 *(.eeprom*)
                0x00810000                __eeprom_end = .

.fuse
 *(.fuse)
 *(.lfuse)
 *(.hfuse)
 *(.efuse)

.lock
 *(.lock*)

.signature
 *(.signature*)

.stab           0x00000000      0x378
 *(.stab)
 .stab          0x00000000      0x378 /usr/lib/gcc/avr/4.2.2/../../../../avr/lib/avr5/crtusb162.o

.stabstr        0x00000000       0x54
 *(.stabstr)
 .stabstr       0x00000000       0x54 /usr/lib/gcc/avr/4.2.2/../../../../avr/lib/avr5/crtusb162.o

.stab.excl
 *(.stab.excl)

.stab.exclstr
 *(.stab.exclstr)

.stab.index
 *(.stab.index)

.stab.indexstr
 *(.stab.indexstr)

.comment
 *(.comment)

.debug
 *(.debug)

.line
 *(.line)

.debug_srcinfo
 *(.debug_srcinfo)

.debug_sfnames
 *(.debug_sfnames)

.debug_aranges  0x00000000      0x2c8
 *(.debug_aranges)
 .debug_aranges
                0x00000000       0x80 BicycleLEDPOV.o
 .debug_aranges
                0x00000080       0x28 Descriptors.o
 .debug_aranges
                0x000000a8       0x38 RingBuff.o
 .debug_aranges
                0x000000e0       0x38 MyUSB/Scheduler/Scheduler.o
 .debug_aranges
                0x00000118       0x38 MyUSB/Drivers/USB/LowLevel/LowLevel.o
 .debug_aranges
                0x00000150       0x70 MyUSB/Drivers/USB/LowLevel/Endpoint.o
 .debug_aranges
                0x000001c0       0x28 MyUSB/Drivers/USB/LowLevel/DevChapter9.o
 .debug_aranges
                0x000001e8       0x28 MyUSB/Drivers/USB/HighLevel/USBTask.o
 .debug_aranges
                0x00000210       0x28 MyUSB/Drivers/USB/HighLevel/USBInterrupt.o
 .debug_aranges
                0x00000238       0x28 MyUSB/Drivers/USB/HighLevel/Events.o
 .debug_aranges
                0x00000260       0x28 MyUSB/Drivers/USB/HighLevel/StdDescriptors.o
 .debug_aranges
                0x00000288       0x40 Drivers/AT90USB162/SPI.o

.debug_pubnames
                0x00000000      0x627
 *(.debug_pubnames)
 .debug_pubnames
                0x00000000      0x189 BicycleLEDPOV.o
 .debug_pubnames
                0x00000189       0xac Descriptors.o
 .debug_pubnames
                0x00000235       0x56 RingBuff.o
 .debug_pubnames
                0x0000028b       0x9c MyUSB/Scheduler/Scheduler.o
 .debug_pubnames
                0x00000327       0x47 MyUSB/Drivers/USB/LowLevel/LowLevel.o
 .debug_pubnames
                0x0000036e      0x16f MyUSB/Drivers/USB/LowLevel/Endpoint.o
 .debug_pubnames
                0x000004dd       0x52 MyUSB/Drivers/USB/LowLevel/DevChapter9.o
 .debug_pubnames
                0x0000052f       0x4c MyUSB/Drivers/USB/HighLevel/USBTask.o
 .debug_pubnames
                0x0000057b       0x22 MyUSB/Drivers/USB/HighLevel/USBInterrupt.o
 .debug_pubnames
                0x0000059d       0x28 MyUSB/Drivers/USB/HighLevel/StdDescriptors.o
 .debug_pubnames
                0x000005c5       0x62 Drivers/AT90USB162/SPI.o

.debug_info     0x00000000     0x2a7a
 *(.debug_info)
 .debug_info    0x00000000      0x60b BicycleLEDPOV.o
 .debug_info    0x0000060b      0x74a Descriptors.o
 .debug_info    0x00000d55      0x271 RingBuff.o
 .debug_info    0x00000fc6      0x2a3 MyUSB/Scheduler/Scheduler.o
 .debug_info    0x00001269      0x383 MyUSB/Drivers/USB/LowLevel/LowLevel.o
 .debug_info    0x000015ec      0x5d4 MyUSB/Drivers/USB/LowLevel/Endpoint.o
 .debug_info    0x00001bc0      0x8cd MyUSB/Drivers/USB/LowLevel/DevChapter9.o
 .debug_info    0x0000248d      0x194 MyUSB/Drivers/USB/HighLevel/USBTask.o
 .debug_info    0x00002621      0x159 MyUSB/Drivers/USB/HighLevel/USBInterrupt.o
 .debug_info    0x0000277a       0x70 MyUSB/Drivers/USB/HighLevel/Events.o
 .debug_info    0x000027ea      0x1bc MyUSB/Drivers/USB/HighLevel/StdDescriptors.o
 .debug_info    0x000029a6       0xd4 Drivers/AT90USB162/SPI.o
 *(.gnu.linkonce.wi.*)

.debug_abbrev   0x00000000      0xf8b
 *(.debug_abbrev)
 .debug_abbrev  0x00000000      0x279 BicycleLEDPOV.o
 .debug_abbrev  0x00000279      0x167 Descriptors.o
 .debug_abbrev  0x000003e0      0x15f RingBuff.o
 .debug_abbrev  0x0000053f      0x175 MyUSB/Scheduler/Scheduler.o
 .debug_abbrev  0x000006b4      0x142 MyUSB/Drivers/USB/LowLevel/LowLevel.o
 .debug_abbrev  0x000007f6      0x21e MyUSB/Drivers/USB/LowLevel/Endpoint.o
 .debug_abbrev  0x00000a14      0x21c MyUSB/Drivers/USB/LowLevel/DevChapter9.o
 .debug_abbrev  0x00000c30       0xf8 MyUSB/Drivers/USB/HighLevel/USBTask.o
 .debug_abbrev  0x00000d28       0xb4 MyUSB/Drivers/USB/HighLevel/USBInterrupt.o
 .debug_abbrev  0x00000ddc       0x39 MyUSB/Drivers/USB/HighLevel/Events.o
 .debug_abbrev  0x00000e15       0xed MyUSB/Drivers/USB/HighLevel/StdDescriptors.o
 .debug_abbrev  0x00000f02       0x89 Drivers/AT90USB162/SPI.o

.debug_line     0x00000000     0x2295
 *(.debug_line)
 .debug_line    0x00000000      0x727 BicycleLEDPOV.o
 .debug_line    0x00000727      0x191 Descriptors.o
 .debug_line    0x000008b8      0x204 RingBuff.o
 .debug_line    0x00000abc      0x1bd MyUSB/Scheduler/Scheduler.o
 .debug_line    0x00000c79      0x2ff MyUSB/Drivers/USB/LowLevel/LowLevel.o
 .debug_line    0x00000f78      0x63f MyUSB/Drivers/USB/LowLevel/Endpoint.o
 .debug_line    0x000015b7      0x592 MyUSB/Drivers/USB/LowLevel/DevChapter9.o
 .debug_line    0x00001b49      0x140 MyUSB/Drivers/USB/HighLevel/USBTask.o
 .debug_line    0x00001c89      0x303 MyUSB/Drivers/USB/HighLevel/USBInterrupt.o
 .debug_line    0x00001f8c       0x7b MyUSB/Drivers/USB/HighLevel/Events.o
 .debug_line    0x00002007      0x191 MyUSB/Drivers/USB/HighLevel/StdDescriptors.o
 .debug_line    0x00002198       0xfd Drivers/AT90USB162/SPI.o

.debug_frame    0x00000000      0x350
 *(.debug_frame)
 .debug_frame   0x00000000       0xd0 BicycleLEDPOV.o
 .debug_frame   0x000000d0       0x20 Descriptors.o
 .debug_frame   0x000000f0       0x40 RingBuff.o
 .debug_frame   0x00000130       0x40 MyUSB/Scheduler/Scheduler.o
 .debug_frame   0x00000170       0x40 MyUSB/Drivers/USB/LowLevel/LowLevel.o
 .debug_frame   0x000001b0       0xb0 MyUSB/Drivers/USB/LowLevel/Endpoint.o
 .debug_frame   0x00000260       0x20 MyUSB/Drivers/USB/LowLevel/DevChapter9.o
 .debug_frame   0x00000280       0x20 MyUSB/Drivers/USB/HighLevel/USBTask.o
 .debug_frame   0x000002a0       0x20 MyUSB/Drivers/USB/HighLevel/USBInterrupt.o
 .debug_frame   0x000002c0       0x20 MyUSB/Drivers/USB/HighLevel/Events.o
 .debug_frame   0x000002e0       0x20 MyUSB/Drivers/USB/HighLevel/StdDescriptors.o
 .debug_frame   0x00000300       0x50 Drivers/AT90USB162/SPI.o

.debug_str      0x00000000     0x1135
 *(.debug_str)
 .debug_str     0x00000000      0x3cb BicycleLEDPOV.o
                                0x420 (size before relaxing)
 .debug_str     0x000003cb      0x471 Descriptors.o
                                0x66c (size before relaxing)
 .debug_str     0x0000083c       0x75 RingBuff.o
                                0x189 (size before relaxing)
 .debug_str     0x000008b1       0xa0 MyUSB/Scheduler/Scheduler.o
                                0x247 (size before relaxing)
 .debug_str     0x00000951       0xf7 MyUSB/Drivers/USB/LowLevel/LowLevel.o
                                0x40b (size before relaxing)
 .debug_str     0x00000a48      0x2a8 MyUSB/Drivers/USB/LowLevel/Endpoint.o
                                0x494 (size before relaxing)
 .debug_str     0x00000cf0      0x2c2 MyUSB/Drivers/USB/LowLevel/DevChapter9.o
                                0x71b (size before relaxing)
 .debug_str     0x00000fb2       0x4e MyUSB/Drivers/USB/HighLevel/USBTask.o
                                0x1e5 (size before relaxing)
 .debug_str     0x00001000       0x37 MyUSB/Drivers/USB/HighLevel/USBInterrupt.o
                                0x1ec (size before relaxing)
 .debug_str     0x00001037       0x2c MyUSB/Drivers/USB/HighLevel/Events.o
                                0x106 (size before relaxing)
 .debug_str     0x00001063       0x69 MyUSB/Drivers/USB/HighLevel/StdDescriptors.o
                                0x227 (size before relaxing)
 .debug_str     0x000010cc       0x69 Drivers/AT90USB162/SPI.o
                                0x13e (size before relaxing)

.debug_loc      0x00000000      0x8a4
 *(.debug_loc)
 .debug_loc     0x00000000       0x78 BicycleLEDPOV.o
 .debug_loc     0x00000078      0x172 Descriptors.o
 .debug_loc     0x000001ea       0x78 RingBuff.o
 .debug_loc     0x00000262       0xe1 MyUSB/Scheduler/Scheduler.o
 .debug_loc     0x00000343       0x37 MyUSB/Drivers/USB/LowLevel/LowLevel.o
 .debug_loc     0x0000037a      0x25b MyUSB/Drivers/USB/LowLevel/Endpoint.o
 .debug_loc     0x000005d5      0x25b MyUSB/Drivers/USB/LowLevel/DevChapter9.o
 .debug_loc     0x00000830       0x56 MyUSB/Drivers/USB/HighLevel/StdDescriptors.o
 .debug_loc     0x00000886       0x1e Drivers/AT90USB162/SPI.o

.debug_macinfo
 *(.debug_macinfo)
OUTPUT(BicycleLEDPOV.elf elf32-avr)
LOAD linker stubs

.debug_ranges   0x00000000       0x90
 .debug_ranges  0x00000000       0x90 MyUSB/Drivers/USB/LowLevel/DevChapter9.o

Cross Reference Table

Symbol                                            File
Buffer_GetElement                                 RingBuff.o
                                                  BicycleLEDPOV.o
Buffer_Initialize                                 RingBuff.o
                                                  BicycleLEDPOV.o
Buffer_StoreElement                               RingBuff.o
                                                  BicycleLEDPOV.o
CDC_Task                                          BicycleLEDPOV.o
ClockDataLatches                                  BicycleLEDPOV.o
ConfigurationDescriptor                           Descriptors.o
DeviceDescriptor                                  Descriptors.o
Endpoint_ClearEndpoints                           MyUSB/Drivers/USB/LowLevel/Endpoint.o
Endpoint_ConfigureEndpoint_P                      MyUSB/Drivers/USB/LowLevel/Endpoint.o
                                                  MyUSB/Drivers/USB/HighLevel/USBInterrupt.o
                                                  BicycleLEDPOV.o
Endpoint_Read_Control_Stream_BE                   MyUSB/Drivers/USB/LowLevel/Endpoint.o
Endpoint_Read_Control_Stream_LE                   MyUSB/Drivers/USB/LowLevel/Endpoint.o
Endpoint_Read_Stream_BE                           MyUSB/Drivers/USB/LowLevel/Endpoint.o
Endpoint_Read_Stream_LE                           MyUSB/Drivers/USB/LowLevel/Endpoint.o
Endpoint_Write_Control_Stream_BE                  MyUSB/Drivers/USB/LowLevel/Endpoint.o
Endpoint_Write_Control_Stream_LE                  MyUSB/Drivers/USB/LowLevel/Endpoint.o
Endpoint_Write_Stream_BE                          MyUSB/Drivers/USB/LowLevel/Endpoint.o
Endpoint_Write_Stream_LE                          MyUSB/Drivers/USB/LowLevel/Endpoint.o
Event_USB_ConfigurationChanged                    BicycleLEDPOV.o
                                                  MyUSB/Drivers/USB/LowLevel/DevChapter9.o
Event_USB_Connect                                 BicycleLEDPOV.o
                                                  MyUSB/Drivers/USB/HighLevel/USBInterrupt.o
Event_USB_DeviceEnumerationComplete               MyUSB/Drivers/USB/HighLevel/Events.o
                                                  MyUSB/Drivers/USB/LowLevel/DevChapter9.o
Event_USB_DeviceError                             MyUSB/Drivers/USB/HighLevel/Events.o
                                                  MyUSB/Drivers/USB/HighLevel/StdDescriptors.o
Event_USB_Disconnect                              BicycleLEDPOV.o
                                                  MyUSB/Drivers/USB/HighLevel/USBInterrupt.o
                                                  MyUSB/Drivers/USB/LowLevel/LowLevel.o
Event_USB_Reset                                   MyUSB/Drivers/USB/HighLevel/Events.o
                                                  MyUSB/Drivers/USB/HighLevel/USBInterrupt.o
Event_USB_Suspend                                 MyUSB/Drivers/USB/HighLevel/Events.o
                                                  MyUSB/Drivers/USB/HighLevel/USBInterrupt.o
Event_USB_UnhandledControlPacket                  BicycleLEDPOV.o
                                                  MyUSB/Drivers/USB/LowLevel/DevChapter9.o
Event_USB_WakeUp                                  MyUSB/Drivers/USB/HighLevel/Events.o
                                                  MyUSB/Drivers/USB/HighLevel/USBInterrupt.o
Hardware_Init                                     BicycleLEDPOV.o
LanguageString                                    Descriptors.o
LineCoding                                        BicycleLEDPOV.o
MakePOV_Task                                      BicycleLEDPOV.o
ManafacturerString                                Descriptors.o
PCLink_Task                                       BicycleLEDPOV.o
ProductString                                     Descriptors.o
Rx_Buffer                                         BicycleLEDPOV.o
SPI_Disable                                       Drivers/AT90USB162/SPI.o
                                                  BicycleLEDPOV.o
SPI_MasterInit                                    Drivers/AT90USB162/SPI.o
                                                  BicycleLEDPOV.o
SPI_MasterReceive                                 Drivers/AT90USB162/SPI.o
SPI_MasterTransmit                                Drivers/AT90USB162/SPI.o
                                                  BicycleLEDPOV.o
Scheduler_HasDelayElapsed                         MyUSB/Scheduler/Scheduler.o
Scheduler_SetGroupTaskMode                        MyUSB/Scheduler/Scheduler.o
Scheduler_SetTaskMode                             MyUSB/Scheduler/Scheduler.o
                                                  BicycleLEDPOV.o
Scheduler_TaskList                                BicycleLEDPOV.o
                                                  MyUSB/Scheduler/Scheduler.o
Scheduler_TickCounter                             MyUSB/Scheduler/Scheduler.o
                                                  BicycleLEDPOV.o
Scheduler_TotalTasks                              MyUSB/Scheduler/Scheduler.o
                                                  BicycleLEDPOV.o
SerialNumberString                                Descriptors.o
TestSensorHallEffect_Task                         BicycleLEDPOV.o
Tx_Buffer                                         BicycleLEDPOV.o
USB_ConfigurationNumber                           MyUSB/Drivers/USB/HighLevel/USBInterrupt.o
                                                  MyUSB/Drivers/USB/LowLevel/DevChapter9.o
                                                  MyUSB/Drivers/USB/LowLevel/LowLevel.o
USB_ControlEndpointSize                           MyUSB/Drivers/USB/LowLevel/Endpoint.o
                                                  MyUSB/Drivers/USB/HighLevel/USBInterrupt.o
                                                  MyUSB/Drivers/USB/LowLevel/DevChapter9.o
                                                  MyUSB/Drivers/USB/LowLevel/LowLevel.o
USB_Device_ProcessControlPacket                   MyUSB/Drivers/USB/LowLevel/DevChapter9.o
                                                  MyUSB/Drivers/USB/HighLevel/USBTask.o
USB_GetDescriptor                                 Descriptors.o
                                                  MyUSB/Drivers/USB/LowLevel/DevChapter9.o
                                                  MyUSB/Drivers/USB/LowLevel/LowLevel.o
USB_Init                                          MyUSB/Drivers/USB/LowLevel/LowLevel.o
                                                  BicycleLEDPOV.o
USB_IsConnected                                   MyUSB/Drivers/USB/HighLevel/USBInterrupt.o
                                                  MyUSB/Drivers/USB/HighLevel/USBTask.o
                                                  MyUSB/Drivers/USB/LowLevel/Endpoint.o
                                                  MyUSB/Drivers/USB/LowLevel/LowLevel.o
                                                  BicycleLEDPOV.o
USB_IsInitialized                                 MyUSB/Drivers/USB/HighLevel/USBTask.o
                                                  MyUSB/Drivers/USB/LowLevel/LowLevel.o
USB_SetupInterface                                MyUSB/Drivers/USB/LowLevel/LowLevel.o
USB_ShutDown                                      MyUSB/Drivers/USB/LowLevel/LowLevel.o
USB_USBTask                                       MyUSB/Drivers/USB/HighLevel/USBTask.o
                                                  BicycleLEDPOV.o
__bad_interrupt                                   /usr/lib/gcc/avr/4.2.2/../../../../avr/lib/avr5/crtusb162.o
__bss_end                                         /usr/lib/gcc/avr/4.2.2/avr5/libgcc.a(_clear_bss.o)
__bss_start                                       /usr/lib/gcc/avr/4.2.2/avr5/libgcc.a(_clear_bss.o)
__data_end                                        /usr/lib/gcc/avr/4.2.2/avr5/libgcc.a(_copy_data.o)
__data_load_start                                 /usr/lib/gcc/avr/4.2.2/avr5/libgcc.a(_copy_data.o)
__data_start                                      /usr/lib/gcc/avr/4.2.2/avr5/libgcc.a(_copy_data.o)
__do_clear_bss                                    /usr/lib/gcc/avr/4.2.2/avr5/libgcc.a(_clear_bss.o)
                                                  Drivers/AT90USB162/SPI.o
                                                  MyUSB/Drivers/USB/HighLevel/StdDescriptors.o
                                                  MyUSB/Drivers/USB/HighLevel/Events.o
                                                  MyUSB/Drivers/USB/HighLevel/USBInterrupt.o
                                                  MyUSB/Drivers/USB/HighLevel/USBTask.o
                                                  MyUSB/Drivers/USB/LowLevel/DevChapter9.o
                                                  MyUSB/Drivers/USB/LowLevel/Endpoint.o
                                                  MyUSB/Drivers/USB/LowLevel/LowLevel.o
                                                  MyUSB/Scheduler/Scheduler.o
                                                  RingBuff.o
                                                  Descriptors.o
                                                  BicycleLEDPOV.o
__do_copy_data                                    /usr/lib/gcc/avr/4.2.2/avr5/libgcc.a(_copy_data.o)
                                                  Drivers/AT90USB162/SPI.o
                                                  MyUSB/Drivers/USB/HighLevel/StdDescriptors.o
                                                  MyUSB/Drivers/USB/HighLevel/Events.o
                                                  MyUSB/Drivers/USB/HighLevel/USBInterrupt.o
                                                  MyUSB/Drivers/USB/HighLevel/USBTask.o
                                                  MyUSB/Drivers/USB/LowLevel/DevChapter9.o
                                                  MyUSB/Drivers/USB/LowLevel/Endpoint.o
                                                  MyUSB/Drivers/USB/LowLevel/LowLevel.o
                                                  MyUSB/Scheduler/Scheduler.o
                                                  RingBuff.o
                                                  Descriptors.o
                                                  BicycleLEDPOV.o
__heap_end                                        /usr/lib/gcc/avr/4.2.2/../../../../avr/lib/avr5/crtusb162.o
__init                                            /usr/lib/gcc/avr/4.2.2/../../../../avr/lib/avr5/crtusb162.o
__stack                                           /usr/lib/gcc/avr/4.2.2/../../../../avr/lib/avr5/crtusb162.o
                                                  BicycleLEDPOV.o
__udivmodhi4                                      /usr/lib/gcc/avr/4.2.2/avr5/libgcc.a(_udivmodhi4.o)
                                                  MyUSB/Drivers/USB/LowLevel/DevChapter9.o
                                                  MyUSB/Drivers/USB/LowLevel/Endpoint.o
__vector_1                                        /usr/lib/gcc/avr/4.2.2/../../../../avr/lib/avr5/crtusb162.o
__vector_10                                       /usr/lib/gcc/avr/4.2.2/../../../../avr/lib/avr5/crtusb162.o
__vector_11                                       MyUSB/Drivers/USB/HighLevel/USBInterrupt.o
                                                  /usr/lib/gcc/avr/4.2.2/../../../../avr/lib/avr5/crtusb162.o
__vector_12                                       /usr/lib/gcc/avr/4.2.2/../../../../avr/lib/avr5/crtusb162.o
__vector_13                                       /usr/lib/gcc/avr/4.2.2/../../../../avr/lib/avr5/crtusb162.o
__vector_14                                       /usr/lib/gcc/avr/4.2.2/../../../../avr/lib/avr5/crtusb162.o
__vector_15                                       /usr/lib/gcc/avr/4.2.2/../../../../avr/lib/avr5/crtusb162.o
__vector_16                                       /usr/lib/gcc/avr/4.2.2/../../../../avr/lib/avr5/crtusb162.o
__vector_17                                       /usr/lib/gcc/avr/4.2.2/../../../../avr/lib/avr5/crtusb162.o
__vector_18                                       /usr/lib/gcc/avr/4.2.2/../../../../avr/lib/avr5/crtusb162.o
__vector_19                                       BicycleLEDPOV.o
                                                  /usr/lib/gcc/avr/4.2.2/../../../../avr/lib/avr5/crtusb162.o
__vector_2                                        /usr/lib/gcc/avr/4.2.2/../../../../avr/lib/avr5/crtusb162.o
__vector_20                                       /usr/lib/gcc/avr/4.2.2/../../../../avr/lib/avr5/crtusb162.o
__vector_21                                       /usr/lib/gcc/avr/4.2.2/../../../../avr/lib/avr5/crtusb162.o
__vector_22                                       /usr/lib/gcc/avr/4.2.2/../../../../avr/lib/avr5/crtusb162.o
__vector_23                                       /usr/lib/gcc/avr/4.2.2/../../../../avr/lib/avr5/crtusb162.o
__vector_24                                       /usr/lib/gcc/avr/4.2.2/../../../../avr/lib/avr5/crtusb162.o
__vector_25                                       /usr/lib/gcc/avr/4.2.2/../../../../avr/lib/avr5/crtusb162.o
__vector_26                                       /usr/lib/gcc/avr/4.2.2/../../../../avr/lib/avr5/crtusb162.o
__vector_27                                       /usr/lib/gcc/avr/4.2.2/../../../../avr/lib/avr5/crtusb162.o
__vector_28                                       /usr/lib/gcc/avr/4.2.2/../../../../avr/lib/avr5/crtusb162.o
__vector_3                                        /usr/lib/gcc/avr/4.2.2/../../../../avr/lib/avr5/crtusb162.o
__vector_4                                        /usr/lib/gcc/avr/4.2.2/../../../../avr/lib/avr5/crtusb162.o
__vector_5                                        /usr/lib/gcc/avr/4.2.2/../../../../avr/lib/avr5/crtusb162.o
__vector_6                                        /usr/lib/gcc/avr/4.2.2/../../../../avr/lib/avr5/crtusb162.o
__vector_7                                        /usr/lib/gcc/avr/4.2.2/../../../../avr/lib/avr5/crtusb162.o
__vector_8                                        /usr/lib/gcc/avr/4.2.2/../../../../avr/lib/avr5/crtusb162.o
__vector_9                                        /usr/lib/gcc/avr/4.2.2/../../../../avr/lib/avr5/crtusb162.o
__vector_default                                  /usr/lib/gcc/avr/4.2.2/../../../../avr/lib/avr5/crtusb162.o
__vectors                                         /usr/lib/gcc/avr/4.2.2/../../../../avr/lib/avr5/crtusb162.o
_exit                                             /usr/lib/gcc/avr/4.2.2/avr5/libgcc.a(_exit.o)
exit                                              /usr/lib/gcc/avr/4.2.2/avr5/libgcc.a(_exit.o)
                                                  /usr/lib/gcc/avr/4.2.2/../../../../avr/lib/avr5/crtusb162.o
main                                              BicycleLEDPOV.o
                                                  /usr/lib/gcc/avr/4.2.2/../../../../avr/lib/avr5/crtusb162.o
rxbuff                                            BicycleLEDPOV.o
rxbuffele                                         BicycleLEDPOV.o
txbuff                                            BicycleLEDPOV.o
txbuffele                                         BicycleLEDPOV.o
