   1               		.file	"StdDescriptors.c"
   2               	__SREG__ = 0x3f
   3               	__SP_H__ = 0x3e
   4               	__SP_L__ = 0x3d
   5               	__tmp_reg__ = 0
   6               	__zero_reg__ = 1
   7               		.global __do_copy_data
   8               		.global __do_clear_bss
  16               	.Ltext0:
  17               		.section	.text.USB_GetDescriptor,"ax",@progbits
  18               		.weak	USB_GetDescriptor
  20               	USB_GetDescriptor:
  21               	.LFB35:
  22               	.LSM0:
  23               	/* prologue: frame size=0 */
  24               	/* prologue end (size=0) */
  25               	.LVL0:
  26               	.LSM1:
  27 0000 80E0      		ldi r24,lo8(0)
  28               	.LVL1:
  29 0002 0E94 0000 		call Event_USB_DeviceError
  30               	.LVL2:
  31               	.LSM2:
  32 0006 80E0      		ldi r24,lo8(0)
  33 0008 90E0      		ldi r25,hi8(0)
  34               	/* epilogue: frame size=0 */
  35 000a 0895      		ret
  36               	/* epilogue end (size=1) */
  37               	/* function USB_GetDescriptor size 6 (5) */
  38               	.LFE35:
  64               	.Letext0:
DEFINED SYMBOLS
                            *ABS*:00000000 StdDescriptors.c
     /tmp/cc0RSbJg.s:2      *ABS*:0000003f __SREG__
     /tmp/cc0RSbJg.s:3      *ABS*:0000003e __SP_H__
     /tmp/cc0RSbJg.s:4      *ABS*:0000003d __SP_L__
     /tmp/cc0RSbJg.s:5      *ABS*:00000000 __tmp_reg__
     /tmp/cc0RSbJg.s:6      *ABS*:00000001 __zero_reg__
     /tmp/cc0RSbJg.s:20     .text.USB_GetDescriptor:00000000 USB_GetDescriptor

UNDEFINED SYMBOLS
__do_copy_data
__do_clear_bss
Event_USB_DeviceError
