   1               		.file	"USBTask.c"
   2               	__SREG__ = 0x3f
   3               	__SP_H__ = 0x3e
   4               	__SP_L__ = 0x3d
   5               	__tmp_reg__ = 0
   6               	__zero_reg__ = 1
   7               		.global __do_copy_data
   8               		.global __do_clear_bss
  16               	.Ltext0:
  17               		.section	.text.USB_USBTask,"ax",@progbits
  18               	.global	USB_USBTask
  20               	USB_USBTask:
  21               	.LFB35:
  22               	.LSM0:
  23               	/* prologue: frame size=0 */
  24 0000 1F93      		push r17
  25               	/* prologue end (size=1) */
  26               	.LBB5:
  27               	.LBB6:
  28               	.LSM1:
  29 0002 8091 0000 		lds r24,USB_IsConnected
  30 0006 8823      		tst r24
  31 0008 01F0      		breq .L6
  32               	.LBB7:
  33               	.LSM2:
  34 000a 1091 E900 		lds r17,233
  35               	.LSM3:
  36 000e 1092 E900 		sts 233,__zero_reg__
  37               	.LSM4:
  38 0012 8091 E800 		lds r24,232
  39 0016 83FF      		sbrs r24,3
  40 0018 00C0      		rjmp .L4
  41               	.LSM5:
  42 001a 0E94 0000 		call USB_Device_ProcessControlPacket
  43               	.L4:
  44               	.LSM6:
  45 001e 1770      		andi r17,lo8(7)
  46               	.LSM7:
  47 0020 1093 E900 		sts 233,r17
  48               	.L6:
  49               	.LBE7:
  50               	.LBE6:
  51               	.LBE5:
  52               	/* epilogue: frame size=0 */
  53 0024 1F91      		pop r17
  54 0026 0895      		ret
  55               	/* epilogue end (size=2) */
  56               	/* function USB_USBTask size 20 (17) */
  57               	.LFE35:
  59               		.comm USB_IsConnected,1,1
  60               		.comm USB_IsInitialized,1,1
  85               	.Letext0:
DEFINED SYMBOLS
                            *ABS*:00000000 USBTask.c
     /tmp/ccAaRIEz.s:2      *ABS*:0000003f __SREG__
     /tmp/ccAaRIEz.s:3      *ABS*:0000003e __SP_H__
     /tmp/ccAaRIEz.s:4      *ABS*:0000003d __SP_L__
     /tmp/ccAaRIEz.s:5      *ABS*:00000000 __tmp_reg__
     /tmp/ccAaRIEz.s:6      *ABS*:00000001 __zero_reg__
     /tmp/ccAaRIEz.s:20     .text.USB_USBTask:00000000 USB_USBTask
                            *COM*:00000001 USB_IsConnected
                            *COM*:00000001 USB_IsInitialized

UNDEFINED SYMBOLS
__do_copy_data
__do_clear_bss
USB_Device_ProcessControlPacket
